// Jest Snapshot v1, https://goo.gl/fbAQLP

exports[`Should render editExpense page correctly 1`] = `
<Styled(main)>
  <h1>
    Edit Expense
  </h1>
  <ExpenseForm
    expense={
      Object {
        "amount": 4500,
        "createdAt": 345600000,
        "description": "credit card",
        "id": "3",
        "note": "",
      }
    }
    onSubmit={[Function]}
  />
  <br />
  <Button
    active={false}
    disabled={false}
    onClick={[Function]}
    type="button"
    variant="primary"
  >
    Remove
  </Button>
</Styled(main)>
`;
